
Allocating common symbols
Common symbol       size              file

periph_clk_khz      0x4               out/system_k60.o

Memory Configuration

Name             Origin             Length             Attributes
VECTORS          0x00000000         0x00000410         xr
FLASH            0x00000800         0x0007f800         xr
SRAM_U           0x1fff0000         0x00010000         xrw
SRAM_L           0x20000000         0x00010000         xrw
*default*        0x00000000         0xffffffff

Linker script and memory map

LOAD out/blinkytesting.o
LOAD out/startup_k60.o
LOAD out/system_k60.o
LOAD out/uart.o
LOAD /tmp/ccXkPJPo.o
START GROUP
LOAD /home/lexy/gcc-arm-none-eabi-4_8-2014q2/bin/../lib/gcc/arm-none-eabi/4.8.4/armv7e-m/libgcc.a
LOAD /home/lexy/gcc-arm-none-eabi-4_8-2014q2/bin/../lib/gcc/arm-none-eabi/4.8.4/../../../../arm-none-eabi/lib/armv7e-m/libg.a
LOAD /home/lexy/gcc-arm-none-eabi-4_8-2014q2/bin/../lib/gcc/arm-none-eabi/4.8.4/../../../../arm-none-eabi/lib/armv7e-m/libc.a
END GROUP

.vectortable    0x00000000      0x410
                0x00000000                __vector_table = .
                0x00000000                . = ALIGN (0x4)
 *(.vectors)
 .vectors       0x00000000      0x410 out/startup_k60.o
                0x00000000                g_pfnVectors
                0x00000410                . = ALIGN (0x4)

.text           0x00000800      0x514
                0x00000800                . = ALIGN (0x4)
 *(.text)
 .text          0x00000800       0x90 out/blinkytesting.o
                0x00000800                gpio_initialize
                0x00000854                main
 .text          0x00000890       0x88 out/startup_k60.o
                0x00000890                CAN0_Rx_Warning_IRQHandler
                0x00000890                I2C0_IRQHandler
                0x00000890                CAN1_ORed_Message_buffer_IRQHandler
                0x00000890                UART3_RX_TX_IRQHandler
                0x00000890                UART0_RX_TX_IRQHandler
                0x00000890                I2C1_IRQHandler
                0x00000890                DMA2_IRQHandler
                0x00000890                ENET_Error_IRQHandler
                0x00000890                CAN0_Tx_Warning_IRQHandler
                0x00000890                PIT0_IRQHandler
                0x00000890                CAN0_ORed_Message_buffer_IRQHandler
                0x00000890                Watchdog_IRQHandler
                0x00000890                CMP2_IRQHandler
                0x00000890                I2S0_IRQHandler
                0x00000890                TSI0_IRQHandler
                0x00000890                ENET_Receive_IRQHandler
                0x00000890                ENET_1588_Timer_IRQHandler
                0x00000890                CAN1_Error_IRQHandler
                0x00000890                UART2_RX_TX_IRQHandler
                0x00000890                ADC0_IRQHandler
                0x00000890                CMT_IRQHandler
                0x00000890                UART4_RX_TX_IRQHandler
                0x00000890                SPI1_IRQHandler
                0x00000890                DMA9_IRQHandler
                0x00000890                DMA14_IRQHandler
                0x00000890                CMP1_IRQHandler
                0x00000890                PORTD_IRQHandler
                0x00000890                PORTB_IRQHandler
                0x00000890                UART4_ERR_IRQHandler
                0x00000890                ADC1_IRQHandler
                0x00000890                PIT2_IRQHandler
                0x00000890                LPTimer_IRQHandler
                0x00000890                DMA5_IRQHandler
                0x00000890                RTC_IRQHandler
                0x00000890                PDB0_IRQHandler
                0x00000890                CAN1_Bus_Off_IRQHandler
                0x00000890                FTM1_IRQHandler
                0x00000890                UART5_RX_TX_IRQHandler
                0x00000890                UART3_ERR_IRQHandler
                0x00000890                PIT3_IRQHandler
                0x00000890                SDHC_IRQHandler
                0x00000890                MCG_IRQHandler
                0x00000890                UART2_ERR_IRQHandler
                0x00000890                DMA11_IRQHandler
                0x00000890                UART5_ERR_IRQHandler
                0x00000890                Read_Collision_IRQHandler
                0x00000890                Default_Handler
                0x00000890                DMA7_IRQHandler
                0x00000890                ENET_Transmit_IRQHandler
                0x00000890                USB_IRQHandler
                0x00000890                CAN1_Tx_Warning_IRQHandler
                0x00000890                USB0_IRQHandler
                0x00000890                LLW_IRQHandler
                0x00000890                SPI2_IRQHandler
                0x00000890                CAN1_Rx_Warning_IRQHandler
                0x00000890                CAN1_Wake_Up_IRQHandler
                0x00000890                DMA13_IRQHandler
                0x00000890                DMA3_IRQHandler
                0x00000890                RNG_IRQHandler
                0x00000890                DMA0_IRQHandler
                0x00000890                DMA15_IRQHandler
                0x00000890                DAC0_IRQHandler
                0x00000890                Software_IRQHandler
                0x00000890                CAN0_Error_IRQHandler
                0x00000890                DMA4_IRQHandler
                0x00000890                PIT1_IRQHandler
                0x00000890                UART0_ERR_IRQHandler
                0x00000890                DMA_Error_IRQHandler
                0x00000890                LVD_LVW_IRQHandler
                0x00000890                SPI0_IRQHandler
                0x00000890                FTM0_IRQHandler
                0x00000890                PORTA_IRQHandler
                0x00000890                DAC1_IRQHandler
                0x00000890                MCM_IRQHandler
                0x00000890                DMA12_IRQHandler
                0x00000890                FTFL_IRQHandler
                0x00000890                CAN0_Bus_Off_IRQHandler
                0x00000890                PORTE_IRQHandler
                0x00000890                FTM2_IRQHandler
                0x00000890                DMA8_IRQHandler
                0x00000890                DMA10_IRQHandler
                0x00000890                CAN0_Wake_Up_IRQHandler
                0x00000890                UART1_ERR_IRQHandler
                0x00000890                UART1_RX_TX_IRQHandler
                0x00000890                CMP0_IRQHandler
                0x00000890                PORTC_IRQHandler
                0x00000890                DMA6_IRQHandler
                0x00000890                DMA1_IRQHandler
                0x00000898                Reset_Handler
 .text          0x00000918      0x1a8 out/system_k60.o
                0x00000918                SystemInit
 .text          0x00000ac0      0x1b8 out/uart.o
                0x00000ac0                init_uart
                0x00000b88                uart_putchar
                0x00000bb4                uart_getchar
                0x00000be0                data_ready
                0x00000c08                uart_read
                0x00000c1c                uartsend
                0x00000c3c                puts
                0x00000c64                data_available
 .text          0x00000c78       0x9c /tmp/ccXkPJPo.o
                0x00000c78                toggle_LEDS
                0x00000c92                toggle_LED1
                0x00000cac                toggle_LED2
                0x00000cc6                toggle_LED3
                0x00000ce0                toggle_LED4
 *(.text*)
 *(.rodata)
 *(.rodata*)
 *(.glue_7)
 .glue_7        0x00000000        0x0 linker stubs
 *(.glue_7t)
 .glue_7t       0x00000000        0x0 linker stubs
 *(.eh_frame)
 *(.init)
 *(.fini)
                0x00000d14                . = ALIGN (0x4)
                0x00000d14                _etext = .

.vfp11_veneer   0x00000d14        0x0
 .vfp11_veneer  0x00000000        0x0 linker stubs

.v4_bx          0x00000d14        0x0
 .v4_bx         0x00000000        0x0 linker stubs

.iplt           0x00000d14        0x0
 .iplt          0x00000000        0x0 out/blinkytesting.o

.rel.dyn        0x00000d14        0x0
 .rel.iplt      0x00000000        0x0 out/blinkytesting.o

.ARM.extab
 *(.ARM.extab* .gnu.linkonce.armextab.*)
                0x00000d14                __exidx_start = .

.ARM.exidx
 *(.ARM.exidx* .gnu.linkonce.armexidx.*)
                0x00000d14                __exidx_end = .

.preinit_array  0x00000d14        0x0
                0x00000d14                PROVIDE (__preinit_array_start, .)
 *(.preinit_array*)
                0x00000d14                PROVIDE (__preinit_array_end, .)

.init_array     0x00000d14        0x0
                0x00000d14                PROVIDE (__init_array_start, .)
 *(SORT(.init_array.*))
 *(.init_array*)
                0x00000d14                PROVIDE (__init_array_end, .)

.fini_array     0x00000d14        0x0
                0x00000d14                PROVIDE (__fini_array_start, .)
 *(SORT(.fini_array.*))
 *(.fini_array*)
                0x00000d14                PROVIDE (__fini_array_end, .)
                0x00000d14                __etext = .

.data           0x1fff0000       0x30 load address 0x00000d14
                0x1fff0000                . = ALIGN (0x4)
                0x1fff0000                _sdata = .
 *(.data)
 .data          0x1fff0000       0x30 out/blinkytesting.o
                0x1fff0000                PA
                0x1fff0004                PB
                0x1fff0008                PC
                0x1fff000c                PD
                0x1fff0010                PE
                0x1fff0014                GPIOA
                0x1fff0018                GPIOB
                0x1fff001c                GPIOC
                0x1fff0020                GPIOD
                0x1fff0024                GPIOE
                0x1fff0028                nvic
                0x1fff002c                osci
 .data          0x1fff0030        0x0 out/startup_k60.o
 .data          0x1fff0030        0x0 out/system_k60.o
 .data          0x1fff0030        0x0 out/uart.o
 .data          0x1fff0030        0x0 /tmp/ccXkPJPo.o
 *(.data*)
                0x1fff0030                . = ALIGN (0x4)
                0x1fff0030                _edata = .

.igot.plt       0x1fff0030        0x0 load address 0x00000d44
 .igot.plt      0x00000000        0x0 out/blinkytesting.o
                0x1fff0030                . = ALIGN (0x4)

.bss            0x1fff0030        0x4 load address 0x00000d44
                0x1fff0030                _sbss = .
 *(.bss)
 .bss           0x1fff0030        0x0 out/blinkytesting.o
 .bss           0x1fff0030        0x0 out/startup_k60.o
 .bss           0x1fff0030        0x0 out/system_k60.o
 .bss           0x1fff0030        0x0 out/uart.o
 .bss           0x1fff0030        0x0 /tmp/ccXkPJPo.o
 *(.bss*)
 *(COMMON)
 COMMON         0x1fff0030        0x4 out/system_k60.o
                0x1fff0030                periph_clk_khz
                0x1fff0034                . = ALIGN (0x4)
                0x1fff0034                _ebss = .

.heap           0x1fff0034        0x0
                0x1fff0034                __end__ = .
                0x1fff0034                end = __end__
 *(.heap*)
                0x1fff0034                __HeapLimit = .

.stack_dummy    0x1fff0034        0x0
 *(.stack*)
                0x20000000                __StackTop = (ORIGIN (SRAM_U) + 0x10000)
                0x20000000                __StackLimit = (__StackTop - SIZEOF (.stack_dummy))
                0x20000000                PROVIDE (__stack, __StackTop)
                0x00000001                ASSERT ((__StackLimit >= __HeapLimit), region RAM overflowed with stack)

.ARM.attributes
                0x00000000       0x31
 *(.ARM.attributes)
 .ARM.attributes
                0x00000000       0x33 out/blinkytesting.o
 .ARM.attributes
                0x00000033       0x33 out/startup_k60.o
 .ARM.attributes
                0x00000066       0x33 out/system_k60.o
 .ARM.attributes
                0x00000099       0x33 out/uart.o
 .ARM.attributes
                0x000000cc       0x21 /tmp/ccXkPJPo.o
OUTPUT(out/k60_demo.elf elf32-littlearm)

.debug_info     0x00000000     0x123b
 .debug_info    0x00000000      0x825 out/blinkytesting.o
 .debug_info    0x00000825       0xed out/startup_k60.o
 .debug_info    0x00000912      0x4ec out/system_k60.o
 .debug_info    0x00000dfe      0x3eb out/uart.o
 .debug_info    0x000011e9       0x52 /tmp/ccXkPJPo.o

.debug_abbrev   0x00000000      0x4e9
 .debug_abbrev  0x00000000      0x1af out/blinkytesting.o
 .debug_abbrev  0x000001af       0xab out/startup_k60.o
 .debug_abbrev  0x0000025a      0x11f out/system_k60.o
 .debug_abbrev  0x00000379      0x15c out/uart.o
 .debug_abbrev  0x000004d5       0x14 /tmp/ccXkPJPo.o

.debug_aranges  0x00000000       0xa0
 .debug_aranges
                0x00000000       0x20 out/blinkytesting.o
 .debug_aranges
                0x00000020       0x20 out/startup_k60.o
 .debug_aranges
                0x00000040       0x20 out/system_k60.o
 .debug_aranges
                0x00000060       0x20 out/uart.o
 .debug_aranges
                0x00000080       0x20 /tmp/ccXkPJPo.o

.debug_line     0x00000000      0x3fd
 .debug_line    0x00000000       0xd5 out/blinkytesting.o
 .debug_line    0x000000d5       0x61 out/startup_k60.o
 .debug_line    0x00000136      0x136 out/system_k60.o
 .debug_line    0x0000026c      0x11f out/uart.o
 .debug_line    0x0000038b       0x72 /tmp/ccXkPJPo.o

.debug_str      0x00000000      0x664
 .debug_str     0x00000000      0x383 out/blinkytesting.o
                                0x3c8 (size before relaxing)
 .debug_str     0x00000383       0x6d out/startup_k60.o
                                0x15c (size before relaxing)
 .debug_str     0x000003f0      0x150 out/system_k60.o
                                0x2f0 (size before relaxing)
 .debug_str     0x00000540      0x124 out/uart.o
                                0x2b3 (size before relaxing)

.comment        0x00000000       0x70
 .comment       0x00000000       0x70 out/blinkytesting.o
                                 0x71 (size before relaxing)
 .comment       0x00000000       0x71 out/startup_k60.o
 .comment       0x00000000       0x71 out/system_k60.o
 .comment       0x00000000       0x71 out/uart.o

.debug_frame    0x00000000      0x1b4
 .debug_frame   0x00000000       0x48 out/blinkytesting.o
 .debug_frame   0x00000048       0x48 out/startup_k60.o
 .debug_frame   0x00000090       0x2c out/system_k60.o
 .debug_frame   0x000000bc       0xf8 out/uart.o
