
Allocating common symbols
Common symbol       size              file

periph_clk_khz      0x4               out/system_k60.o

Memory Configuration

Name             Origin             Length             Attributes
VECTORS          0x00000000         0x00000410         xr
FLASH            0x00000800         0x0007f800         xr
SRAM_U           0x1fff0000         0x00010000         xrw
SRAM_L           0x20000000         0x00010000         xrw
*default*        0x00000000         0xffffffff

Linker script and memory map

LOAD out/blinkytesting.o
LOAD out/startup_k60.o
LOAD out/system_k60.o
START GROUP
LOAD /home/lexy/gcc-arm-none-eabi-4_8-2014q2/bin/../lib/gcc/arm-none-eabi/4.8.4/armv7e-m/libgcc.a
LOAD /home/lexy/gcc-arm-none-eabi-4_8-2014q2/bin/../lib/gcc/arm-none-eabi/4.8.4/../../../../arm-none-eabi/lib/armv7e-m/libg.a
LOAD /home/lexy/gcc-arm-none-eabi-4_8-2014q2/bin/../lib/gcc/arm-none-eabi/4.8.4/../../../../arm-none-eabi/lib/armv7e-m/libc.a
END GROUP

.vectortable    0x00000000      0x410
                0x00000000                __vector_table = .
                0x00000000                . = ALIGN (0x4)
 *(.vectors)
 .vectors       0x00000000      0x410 out/startup_k60.o
                0x00000000                g_pfnVectors
                0x00000410                . = ALIGN (0x4)

.text           0x00000800      0x2c4
                0x00000800                . = ALIGN (0x4)
 *(.text)
 .text          0x00000800       0x94 out/blinkytesting.o
                0x00000800                gpio_initialize
                0x00000830                led1
                0x0000084c                delay
                0x0000087c                main
 .text          0x00000894       0x88 out/startup_k60.o
                0x00000894                CAN0_Rx_Warning_IRQHandler
                0x00000894                I2C0_IRQHandler
                0x00000894                CAN1_ORed_Message_buffer_IRQHandler
                0x00000894                UART3_RX_TX_IRQHandler
                0x00000894                UART0_RX_TX_IRQHandler
                0x00000894                I2C1_IRQHandler
                0x00000894                DMA2_IRQHandler
                0x00000894                ENET_Error_IRQHandler
                0x00000894                CAN0_Tx_Warning_IRQHandler
                0x00000894                PIT0_IRQHandler
                0x00000894                CAN0_ORed_Message_buffer_IRQHandler
                0x00000894                Watchdog_IRQHandler
                0x00000894                CMP2_IRQHandler
                0x00000894                I2S0_IRQHandler
                0x00000894                TSI0_IRQHandler
                0x00000894                ENET_Receive_IRQHandler
                0x00000894                ENET_1588_Timer_IRQHandler
                0x00000894                CAN1_Error_IRQHandler
                0x00000894                UART2_RX_TX_IRQHandler
                0x00000894                ADC0_IRQHandler
                0x00000894                CMT_IRQHandler
                0x00000894                UART4_RX_TX_IRQHandler
                0x00000894                SPI1_IRQHandler
                0x00000894                DMA9_IRQHandler
                0x00000894                DMA14_IRQHandler
                0x00000894                CMP1_IRQHandler
                0x00000894                PORTD_IRQHandler
                0x00000894                PORTB_IRQHandler
                0x00000894                UART4_ERR_IRQHandler
                0x00000894                ADC1_IRQHandler
                0x00000894                PIT2_IRQHandler
                0x00000894                LPTimer_IRQHandler
                0x00000894                DMA5_IRQHandler
                0x00000894                RTC_IRQHandler
                0x00000894                PDB0_IRQHandler
                0x00000894                CAN1_Bus_Off_IRQHandler
                0x00000894                FTM1_IRQHandler
                0x00000894                UART5_RX_TX_IRQHandler
                0x00000894                UART3_ERR_IRQHandler
                0x00000894                PIT3_IRQHandler
                0x00000894                SDHC_IRQHandler
                0x00000894                MCG_IRQHandler
                0x00000894                UART2_ERR_IRQHandler
                0x00000894                DMA11_IRQHandler
                0x00000894                UART5_ERR_IRQHandler
                0x00000894                Read_Collision_IRQHandler
                0x00000894                Default_Handler
                0x00000894                DMA7_IRQHandler
                0x00000894                ENET_Transmit_IRQHandler
                0x00000894                USB_IRQHandler
                0x00000894                CAN1_Tx_Warning_IRQHandler
                0x00000894                USB0_IRQHandler
                0x00000894                LLW_IRQHandler
                0x00000894                SPI2_IRQHandler
                0x00000894                CAN1_Rx_Warning_IRQHandler
                0x00000894                CAN1_Wake_Up_IRQHandler
                0x00000894                DMA13_IRQHandler
                0x00000894                DMA3_IRQHandler
                0x00000894                RNG_IRQHandler
                0x00000894                DMA0_IRQHandler
                0x00000894                DMA15_IRQHandler
                0x00000894                DAC0_IRQHandler
                0x00000894                Software_IRQHandler
                0x00000894                CAN0_Error_IRQHandler
                0x00000894                DMA4_IRQHandler
                0x00000894                PIT1_IRQHandler
                0x00000894                UART0_ERR_IRQHandler
                0x00000894                DMA_Error_IRQHandler
                0x00000894                LVD_LVW_IRQHandler
                0x00000894                SPI0_IRQHandler
                0x00000894                FTM0_IRQHandler
                0x00000894                PORTA_IRQHandler
                0x00000894                DAC1_IRQHandler
                0x00000894                MCM_IRQHandler
                0x00000894                DMA12_IRQHandler
                0x00000894                FTFL_IRQHandler
                0x00000894                CAN0_Bus_Off_IRQHandler
                0x00000894                PORTE_IRQHandler
                0x00000894                FTM2_IRQHandler
                0x00000894                DMA8_IRQHandler
                0x00000894                DMA10_IRQHandler
                0x00000894                CAN0_Wake_Up_IRQHandler
                0x00000894                UART1_ERR_IRQHandler
                0x00000894                UART1_RX_TX_IRQHandler
                0x00000894                CMP0_IRQHandler
                0x00000894                PORTC_IRQHandler
                0x00000894                DMA6_IRQHandler
                0x00000894                DMA1_IRQHandler
                0x0000089c                Reset_Handler
 .text          0x0000091c      0x1a8 out/system_k60.o
                0x0000091c                SystemInit
 *(.text*)
 *(.rodata)
 *(.rodata*)
 *(.glue_7)
 .glue_7        0x00000000        0x0 linker stubs
 *(.glue_7t)
 .glue_7t       0x00000000        0x0 linker stubs
 *(.eh_frame)
 *(.init)
 *(.fini)
                0x00000ac4                . = ALIGN (0x4)
                0x00000ac4                _etext = .

.vfp11_veneer   0x00000ac4        0x0
 .vfp11_veneer  0x00000000        0x0 linker stubs

.v4_bx          0x00000ac4        0x0
 .v4_bx         0x00000000        0x0 linker stubs

.iplt           0x00000ac4        0x0
 .iplt          0x00000000        0x0 out/blinkytesting.o

.rel.dyn        0x00000ac4        0x0
 .rel.iplt      0x00000000        0x0 out/blinkytesting.o

.ARM.extab
 *(.ARM.extab* .gnu.linkonce.armextab.*)
                0x00000ac4                __exidx_start = .

.ARM.exidx
 *(.ARM.exidx* .gnu.linkonce.armexidx.*)
                0x00000ac4                __exidx_end = .

.preinit_array  0x00000ac4        0x0
                0x00000ac4                PROVIDE (__preinit_array_start, .)
 *(.preinit_array*)
                0x00000ac4                PROVIDE (__preinit_array_end, .)

.init_array     0x00000ac4        0x0
                0x00000ac4                PROVIDE (__init_array_start, .)
 *(SORT(.init_array.*))
 *(.init_array*)
                0x00000ac4                PROVIDE (__init_array_end, .)

.fini_array     0x00000ac4        0x0
                0x00000ac4                PROVIDE (__fini_array_start, .)
 *(SORT(.fini_array.*))
 *(.fini_array*)
                0x00000ac4                PROVIDE (__fini_array_end, .)
                0x00000ac4                __etext = .

.data           0x1fff0000        0x0 load address 0x00000ac4
                0x1fff0000                . = ALIGN (0x4)
                0x1fff0000                _sdata = .
 *(.data)
 .data          0x1fff0000        0x0 out/blinkytesting.o
 .data          0x1fff0000        0x0 out/startup_k60.o
 .data          0x1fff0000        0x0 out/system_k60.o
 *(.data*)
                0x1fff0000                . = ALIGN (0x4)
                0x1fff0000                _edata = .

.igot.plt       0x1fff0000        0x0 load address 0x00000ac4
 .igot.plt      0x00000000        0x0 out/blinkytesting.o
                0x1fff0000                . = ALIGN (0x4)

.bss            0x1fff0000        0x4 load address 0x00000ac4
                0x1fff0000                _sbss = .
 *(.bss)
 .bss           0x1fff0000        0x0 out/blinkytesting.o
 .bss           0x1fff0000        0x0 out/startup_k60.o
 .bss           0x1fff0000        0x0 out/system_k60.o
 *(.bss*)
 *(COMMON)
 COMMON         0x1fff0000        0x4 out/system_k60.o
                0x1fff0000                periph_clk_khz
                0x1fff0004                . = ALIGN (0x4)
                0x1fff0004                _ebss = .

.heap           0x1fff0004        0x0
                0x1fff0004                __end__ = .
                0x1fff0004                end = __end__
 *(.heap*)
                0x1fff0004                __HeapLimit = .

.stack_dummy    0x1fff0004        0x0
 *(.stack*)
                0x20000000                __StackTop = (ORIGIN (SRAM_U) + 0x10000)
                0x20000000                __StackLimit = (__StackTop - SIZEOF (.stack_dummy))
                0x20000000                PROVIDE (__stack, __StackTop)
                0x00000001                ASSERT ((__StackLimit >= __HeapLimit), region RAM overflowed with stack)

.ARM.attributes
                0x00000000       0x33
 *(.ARM.attributes)
 .ARM.attributes
                0x00000000       0x33 out/blinkytesting.o
 .ARM.attributes
                0x00000033       0x33 out/startup_k60.o
 .ARM.attributes
                0x00000066       0x33 out/system_k60.o
OUTPUT(out/k60_demo.elf elf32-littlearm)

.debug_info     0x00000000      0x823
 .debug_info    0x00000000      0x24a out/blinkytesting.o
 .debug_info    0x0000024a       0xed out/startup_k60.o
 .debug_info    0x00000337      0x4ec out/system_k60.o

.debug_abbrev   0x00000000      0x2cc
 .debug_abbrev  0x00000000      0x102 out/blinkytesting.o
 .debug_abbrev  0x00000102       0xab out/startup_k60.o
 .debug_abbrev  0x000001ad      0x11f out/system_k60.o

.debug_aranges  0x00000000       0x60
 .debug_aranges
                0x00000000       0x20 out/blinkytesting.o
 .debug_aranges
                0x00000020       0x20 out/startup_k60.o
 .debug_aranges
                0x00000040       0x20 out/system_k60.o

.debug_line     0x00000000      0x2ac
 .debug_line    0x00000000      0x115 out/blinkytesting.o
 .debug_line    0x00000115       0x61 out/startup_k60.o
 .debug_line    0x00000176      0x136 out/system_k60.o

.debug_str      0x00000000      0x3bf
 .debug_str     0x00000000      0x201 out/blinkytesting.o
                                0x246 (size before relaxing)
 .debug_str     0x00000201       0x6d out/startup_k60.o
                                0x15c (size before relaxing)
 .debug_str     0x0000026e      0x151 out/system_k60.o
                                0x2f0 (size before relaxing)

.comment        0x00000000       0x70
 .comment       0x00000000       0x70 out/blinkytesting.o
                                 0x71 (size before relaxing)
 .comment       0x00000000       0x71 out/startup_k60.o
 .comment       0x00000000       0x71 out/system_k60.o

.debug_frame    0x00000000       0xec
 .debug_frame   0x00000000       0x78 out/blinkytesting.o
 .debug_frame   0x00000078       0x48 out/startup_k60.o
 .debug_frame   0x000000c0       0x2c out/system_k60.o
